SQL> SET PAGESIZE 200
SQL> SET LINESIZE 200
SQL> SET PAGESIZE 25
SQL> SPOOL
currently spooling to P6.lst
SQL> REM >>>>>>>>>> 1 <<<<<<<<<<
SQL> SELECT SYSDATE
  2  FROM DUAL;

SYSDATE                                                                                                                                                                                                 
---------                                                                                                                                                                                               
19-NOV-25                                                                                                                                                                                               

SQL> REM >>>>>>>>>> 2 <<<<<<<<<<
SQL> SELECT TO_CHAR(SYSDATE, 'HH24:MI:SS')
  2  FROM DUAL;

TO_CHAR(                                                                                                                                                                                                
--------                                                                                                                                                                                                
13:45:35                                                                                                                                                                                                

SQL> REM >>>>>>>>>> 3 <<<<<<<<<<
SQL> SELECT TO_CHAR(SYSDATE, 'DAY DD "de" MONTH YYYY') AS FECHA
  2  FROM DUAL;

FECHA                                                                                                                                                                                                   
------------------------------------------------------------------------------------                                                                                                                    
WEDNESDAY 19 de NOVEMBER  2025                                                                                                                                                                          

SQL> REM >>>>>>>>>> 4 <<<<<<<<<<
SQL> SELECT TO_CHAR(SYSDATE, 'FMDay DD "de" Month YYYY', 'NLS_DATE_LANGUAGE=SPANISH')
  2  FROM DUAL;

TO_CHAR(SYSDATE,'FMDAYDD"DE"MONTHYYYY','NLS_DATE_LANGUAGE=SPANISH')                                                                                                                                     
----------------------------------------------------------------------------------------                                                                                                                
Miercoles 19 de Noviembre 2025                                                                                                                                                                          

SQL> REM >>>>>>>>>> 5 <<<<<<<<<<
SQL> SELECT NVL(FF,SYSDATE) - FI
  2  FROM PLAN_DOCENTE
  3  WHERE DNI=8888 AND CAS=11;

NVL(FF,SYSDATE)-FI                                                                                                                                                                                      
------------------                                                                                                                                                                                      
        5923.57846                                                                                                                                                                                      

SQL> SELECT NVL(FF,SYSDATE) - FI AS "DIAS IMPARTIDOS"
  2  FROM PLAN_DOCENTE
  3  WHERE DNI=8888 AND CAS=11;

DIAS IMPARTIDOS                                                                                                                                                                                         
---------------                                                                                                                                                                                         
     5923.57891                                                                                                                                                                                         

SQL> SELECT P
  2  FROM PROFESOR
  3  WHERE DIAS_IMPARTIDOS IN (SELECT NVL(FF,SYSDATE) - FI AS DIAS_IMPARTIDOS
  4                            FROM PLAN_DOCENTE
  5                            WHERE DIAS_IMPARTIDOS > 365 AND PLAN_DOCENTE.DNI=PROFESOR.DNI);
WHERE DIAS_IMPARTIDOS IN (SELECT NVL(FF,SYSDATE) - FI AS DIAS_IMPARTIDOS
      *
ERROR at line 3:
ORA-00904: "DIAS_IMPARTIDOS": invalid identifier 


SQL> SELECT P
  2  FROM PROFESOR
  3  WHERE PROFESOR.DNI IN (SELECT PLAN_DOCENTE.DNI
  4                         FROM PLAN_DOCENTE
  5                         WHERE (NVL(FF,SYSDATE) - FI) > 365);

P                                                                                                                                                                                                       
------------------------------------------------------------                                                                                                                                            
JUAN                                                                                                                                                                                                    
CARLOS                                                                                                                                                                                                  
PEDRO                                                                                                                                                                                                   
MARIA                                                                                                                                                                                                   
IVAN                                                                                                                                                                                                    
CARMEN                                                                                                                                                                                                  
MARIO                                                                                                                                                                                                   
FRANCISCO                                                                                                                                                                                               
ANGELA                                                                                                                                                                                                  
DAVID                                                                                                                                                                                                   
SOLEDAD                                                                                                                                                                                                 
JOSE MANUEL                                                                                                                                                                                             

12 rows selected.

SQL> SPOOL OFF
SQL> REM Comprobacion del 5
SQL> SELECT P
  2  FROM PROFESOR
  3  WHERE PROFESOR.DNI IN (SELECT PLAN_DOCENTE.DNI
  4                         FROM PLAN_DOCENTE
  5                         WHERE (NVL(FF,SYSDATE) - FI) > 365 * 5)
  6  ;

P                                                                                                                                                                                                       
------------------------------------------------------------                                                                                                                                            
JUAN                                                                                                                                                                                                    
CARLOS                                                                                                                                                                                                  
PEDRO                                                                                                                                                                                                   
MARIA                                                                                                                                                                                                   
IVAN                                                                                                                                                                                                    
MARIO                                                                                                                                                                                                   
FRANCISCO                                                                                                                                                                                               
ANGELA                                                                                                                                                                                                  
DAVID                                                                                                                                                                                                   
SOLEDAD                                                                                                                                                                                                 
JOSE MANUEL                                                                                                                                                                                             

11 rows selected.

SQL> REM ^ Esto es la comprobacion del ejercicio 5, donde CARMEN, la unica profesora que termino de dar clase, tiene una fecha acotada que no supera los cinco agnos.
SQL> REM Correccion: es el ejercicio 6, no el 5
SQL> SPOOL
currently spooling to P6.lst
SQL> REM >>>>>>>>>> 6 (encima) <<<<<<<<<<
SQL> SELECT COUNT(*)
  2  FROM PROFESOR
  3  WHERE CAR IN (SELECT CAR
  4                FROM AREA
  5                WHERE CD IN (SELECT CD
  6                             FROM DEPARTAMENTO
  7                             WHERE D=ASTROFISICA));
                           WHERE D=ASTROFISICA))
                                   *
ERROR at line 7:
ORA-00904: "ASTROFISICA": invalid identifier 


SQL> SELECT COUNT(*)
  2  FROM PROFESOR
  3  WHERE CAR IN (SELECT CAR
  4                FROM AREA
  5                WHERE CD IN (SELECT CD
  6                             FROM DEPARTAMENTO
  7                             WHERE D="ASTROFISICA"));
                           WHERE D="ASTROFISICA"))
                                   *
ERROR at line 7:
ORA-00904: "ASTROFISICA": invalid identifier 


SQL> SELECT COUNT(*)
  2  FROM PROFESOR
  3  WHERE CAR IN (SELECT CAR
  4                FROM AREA
  5                WHERE CD IN (SELECT CD
  6                             FROM DEPARTAMENTO
  7                             WHERE D='ASTROFISICA'));

  COUNT(*)                                                                                                                                                                                              
----------                                                                                                                                                                                              
         1                                                                                                                                                                                              

SQL> REM >>>>>>>>>> 7 (encima) <<<<<<<<<<
SQL> REM >>>>>>>>>> 8 <<<<<<<<<<
SQL> SELECT D, COUNT(DNI)
  2  FROM DEPARTAMENTO CROSS JOIN PROFESOR
  3  WHERE CAR IN (SELECT CAR
  4  
SQL> SELECT D, COUNT(DNI)
  2  FROM DEPARTAMENTO NATURAL JOIN AREA NATURAL JOIN PROFESOR
  3  GROUP BY CD
  4  ;
SELECT D, COUNT(DNI)
       *
ERROR at line 1:
ORA-00979: not a GROUP BY expression 


SQL> SELECT CD, COUNT(DNI)
  2  FROM DEPARTAMENTO NATURAL JOIN AREA NATURAL JOIN PROFESOR
  3  GROUP BY CD;

        CD COUNT(DNI)                                                                                                                                                                                   
---------- ----------                                                                                                                                                                                   
         1          3                                                                                                                                                                                   
         2          1                                                                                                                                                                                   
         4          1                                                                                                                                                                                   
         3          7                                                                                                                                                                                   

SQL> SPOOL
currently spooling to P6.lst
SQL> SPOOL OFF
SQL> SPOOL OFF
SQL> SPOOL
currently spooling to P6.lst
SQL> REM >>>>>>>>>> 7 <<<<<<<<<<
SQL> SELECT COUNT(*)
  2  FROM DEPARTAMENTO NATURAL JOIN AREA NATURAL JOIN PROFESOR
  3  WHERE D='ASTROFISICA';

  COUNT(*)                                                                                                                                                                                              
----------                                                                                                                                                                                              
         1                                                                                                                                                                                              

SQL> SPOOL
currently spooling to P6.lst
SQL> REM >>>>>>>>>> 8 <<<<<<<<<<
SQL> SELECT COUNT(DISTINCT T)
  2  FROM DEPARTAMENTO NATURAL JOIN AREA NATURAL JOIN ASIGNATURA
  3  ;

COUNT(DISTINCTT)                                                                                                                                                                                        
----------------                                                                                                                                                                                        
               4                                                                                                                                                                                        

SQL> SELECT COUNT(DISTINCT T)
  2  FROM DEPARTAMENTO NATURAL JOIN AREA NATURAL JOIN ASIGNATURA
  3  WHERE D='ESTADISTICA, INVESTIGACION OPERATIVA Y COMPUTACION';

COUNT(DISTINCTT)                                                                                                                                                                                        
----------------                                                                                                                                                                                        
               2                                                                                                                                                                                        

SQL> SPOOL
currently spooling to P6.lst
SQL> SPOOL OFF
SQL> REM Comprobacion de ejercicio 8
SQL> SELECT COUNT(DISTINCT T)
  2  FROM DEPARTAMENTO NATURAL JOIN AREA NATURAL JOIN ASIGNATURA
  3  WHERE D='ESTADISTICA, INVESTIGACION OPERATIVA Y COMPUTACION' OR D='ANALISIS MATEMATICO';

COUNT(DISTINCTT)                                                                                                                                                                                        
----------------                                                                                                                                                                                        
               3                                                                                                                                                                                        

SQL> SPOOL OFF
