SQL> DROP TABLE TITULACION
  2  ;

Table dropped.

SQL> REM >>>>>>>>>> 1 <<<<<<<<<<
SQL> CREATE TABLE TITULACION
  2  (T CHAR(4) PRIMARY KEY,
  3  FAC VARCHAR2(60));

Table created.

SQL> REM >>>>>>>>>> 2 <<<<<<<<<<
SQL> INSERT INTO TITULACION
  2  
SQL> INSERT INTO TITULACION (T)
  2  SELECT UNIQUE T
  3  FROM ASIGNATURA;

4 rows created.

SQL> REM >>>>>>>>>> 3 <<<<<<<<<<
SQL> SELECT *
  2  FROM TITULACION;

T    FAC                                                                                                                                                                                                
---- ------------------------------------------------------------                                                                                                                                       
GF                                                                                                                                                                                                      
GM                                                                                                                                                                                                      
GII                                                                                                                                                                                                     
MII                                                                                                                                                                                                     

SQL> REM >>>>>>>>>> 4 <<<<<<<<<<
SQL> UPDATE TITULACION SET FAC = 'ESCUELA SUPERIOR DE INGENIERIA Y TECNOLOGIA'
  2  WHERE T IN ('GII', 'MII')
  3  
SQL> UPDATE TITULACIONSET FAC = 'ESCUELA SUPERIOR DE INGENIERIA Y TECNOLOGIA'
  2  
SQL> UPDATE TITULACION
  2  SET FAC = 'ESCUELA SUPERIOR DE INGENIERIA Y TECNOLOGIA'
  3  WHERE T IN ('GII', 'MII');

2 rows updated.

SQL> REM Comprobamos que se inserto
SQL> REM todo correctamente
SQL> SELECT *
  2  FROM TITULACION;

T    FAC                                                                                                                                                                                                
---- ------------------------------------------------------------                                                                                                                                       
GF                                                                                                                                                                                                      
GM                                                                                                                                                                                                      
GII  ESCUELA SUPERIOR DE INGENIERIA Y TECNOLOGIA                                                                                                                                                        
MII  ESCUELA SUPERIOR DE INGENIERIA Y TECNOLOGIA                                                                                                                                                        

SQL> UPDATE TITULACION
  2  SET FAC = 'FACULTAD DE FISICA'
  3  WHERE T='GF';

1 row updated.

SQL> UPDATE TITULACION
  2  SET FAC = 'FACULTAD DE MATEMATICAS'
  3  WHERE T='GM';

1 row updated.

SQL> REM Comprobamos ahora todo entero
SQL> SELECT *
  2  FROM TITULACION;

T    FAC                                                                                                                                                                                                
---- ------------------------------------------------------------                                                                                                                                       
GF   FACULTAD DE FISICA                                                                                                                                                                                 
GM   FACULTAD DE MATEMATICAS                                                                                                                                                                            
GII  ESCUELA SUPERIOR DE INGENIERIA Y TECNOLOGIA                                                                                                                                                        
MII  ESCUELA SUPERIOR DE INGENIERIA Y TECNOLOGIA                                                                                                                                                        

SQL> DROP SYNONYM TIT;

Synonym dropped.

SQL> REM >>>>>>>>>> 5 <<<<<<<<<<
SQL> CREATE SYNONYM TIT FOR TITULACION;

Synonym created.

SQL> REM >>>>>>>>>> 6 <<<<<<<<<<
SQL> SELECT *
  2  FROM TIT;

T    FAC                                                                                                                                                                                                
---- ------------------------------------------------------------                                                                                                                                       
GF   FACULTAD DE FISICA                                                                                                                                                                                 
GM   FACULTAD DE MATEMATICAS                                                                                                                                                                            
GII  ESCUELA SUPERIOR DE INGENIERIA Y TECNOLOGIA                                                                                                                                                        
MII  ESCUELA SUPERIOR DE INGENIERIA Y TECNOLOGIA                                                                                                                                                        

SQL> REM >>>>>>>>>> 7 <<<<<<<<<<
SQL> ALTER TABLE TITULACION
  2  ADD CONSTRAINT FK_TITULACION_ASIGNATURA (T) REFERENCES ASIGNATURA ON DELETE CASCADE;
ADD CONSTRAINT FK_TITULACION_ASIGNATURA (T) REFERENCES ASIGNATURA ON DELETE CASCADE
                                        *
ERROR at line 2:
ORA-00904: : invalid identifier 


SQL> ALTER TABLE TITULACION
  2  ADD CONSTRAINT FK_TITULACION_ASIGNATURA FOREIGN KEY (T) REFERENCES ASIGNATURA ON DELETE CASCADE;
ADD CONSTRAINT FK_TITULACION_ASIGNATURA FOREIGN KEY (T) REFERENCES ASIGNATURA ON DELETE CASCADE
                                                     *
ERROR at line 2:
ORA-02267: column type incompatible with referenced column type 


SQL> ALTER TABLE TITULACION
  2  ADD (CONSTRAINT FK_TITULACION_ASIGNATURA FOREIGN KEY (T) REFERENCES ASIGNATURA ON DELETE CASCADE);
ADD (CONSTRAINT FK_TITULACION_ASIGNATURA FOREIGN KEY (T) REFERENCES ASIGNATURA ON DELETE CASCADE)
                                                      *
ERROR at line 2:
ORA-02267: column type incompatible with referenced column type 


SQL> DESC ASIGNATURA;
 Name                                                                                                              Null?    Type
 ----------------------------------------------------------------------------------------------------------------- -------- ----------------------------------------------------------------------------
 CAS                                                                                                               NOT NULL NUMBER(3)
 A                                                                                                                 NOT NULL VARCHAR2(50)
 T                                                                                                                 NOT NULL CHAR(4)
 CUR                                                                                                                        NUMBER(1)
 CAR                                                                                                                        NUMBER(3)
 CT                                                                                                                         NUMBER(3,1)
 CP                                                                                                                         NUMBER(3,1)
 CL                                                                                                                         NUMBER(3,1)

SQL> DESC TITULACION;
 Name                                                                                                              Null?    Type
 ----------------------------------------------------------------------------------------------------------------- -------- ----------------------------------------------------------------------------
 T                                                                                                                 NOT NULL CHAR(4)
 FAC                                                                                                                        VARCHAR2(60)

SQL> ALTER TABLE ASIGNATURA
  2  ADD (CONSTRAINT FK_ASIGNATURA_TITULACION FOREIGN KEY (T) REFERENCES TITULACION ON DELETE CASCADE);

Table altered.

SQL> SPOOL
currently spooling to P8-Nuevo.lst
SQL> SPOOL OFF
SQL> SPOOL
currently spooling to P8-Nuevo.lst
SQL> SPOOL OFF
SQL> REM >>>>>>>>>> 8 <<<<<<<<<<
SQL> ALTER TABLE TITULACION
  2  MODIFY (T CHAR(6));
ALTER TABLE TITULACION
*
ERROR at line 1:
ORA-02292: integrity constraint (ALU0101618586.FK_ASIGNATURA_TITULACION) 
violated - child record found 


SQL> REM >>>>>>>>>> 8 <<<<<<<<<<
SQL> ALTER TABLE TITULACION
  2  MODIFY (T CHAR(6)) CASCADE CONSTRAINTS;
MODIFY (T CHAR(6)) CASCADE CONSTRAINTS
                   *
ERROR at line 2:
ORA-01735: invalid ALTER TABLE option 


SQL> ALTER TABLE TITULACION
  2  DISABLE CONSTRAINT FK_ASIGNATURA_TITULACION;
ALTER TABLE TITULACION
*
ERROR at line 1:
ORA-02431: cannot disable constraint (FK_ASIGNATURA_TITULACION) - no such 
constraint 


SQL> ALTER TABLE TITULACION
  2  DISABLE CONSTRAINT FK_TITULACION_ASIGNATURA;
ALTER TABLE TITULACION
*
ERROR at line 1:
ORA-02431: cannot disable constraint (FK_TITULACION_ASIGNATURA) - no such 
constraint 


SQL> SPOOL
currently spooling to P8-Nuevo.lst
SQL> SPOOL OFF
SQL> SPOOL OFF
SQL> ALTER TABLE TITULACION
  2  DISABLE CONSTRAINT FK_ASIGNATURA_TITULACION;
ALTER TABLE TITULACION
*
ERROR at line 1:
ORA-02431: cannot disable constraint (FK_ASIGNATURA_TITULACION) - no such 
constraint 


SQL> SELECT constraint_name, constraint_type
  2  FROM user_constraints
  3  WHERE table_name = 'TITULACION';

CONSTRAINT_NAME                                                                 
--------------------------------------------------------------------------------
C                                                                               
-                                                                               
SYS_C00553518                                                                   
P                                                                               
                                                                                

SQL> 
SQL> 
SQL> 
SQL> 
SQL> ALTER TABLE ASIGNATURA
  2  
SQL> SPOOL P8-Nuevo APPEND
SQL> SPOOL OFF
SQL> REM >>>>>>>> 8 <<<<<<<<
SQL> ALTER TABLE ASIGNATURA
  2  DISABLE CONSTRAINT FK_ASIGNATURA_TITULACION;

Table altered.

SQL> ALTER TABLE ASIGNATURA
  2  ENABLE CONSTRAINT FK_ASIGNATURA_TITULACION;

Table altered.

SQL> ALTER TABLE ASIGNATURA
  2  MODIFY (T CHAR(6)) CASCADE CONSTRAINTS;
MODIFY (T CHAR(6)) CASCADE CONSTRAINTS
                   *
ERROR at line 2:
ORA-01735: invalid ALTER TABLE option 


SQL> ALTER TABLE ASIGNATURA
  2  DISABLE CONSTRAINT FK_ASIGNATURA_TITULACION;

Table altered.

SQL> ALTER TABLE ASIGNATURA
  2  MODIFY (T CHAR(6));

Table altered.

SQL> ALTER TABLE TITULACION
  2  MODIFY (T CHAR(6));

Table altered.

SQL> ALTER TABLE ASIGNATURA
  2  ENABLE CONSTRAINT FK_ASIGNATURA_TITULACION;

Table altered.

SQL> REM >>>>>>>> 9 <<<<<<<<
SQL> CREATE VIEW VISTA1
  2  AS SELECT CAS, A, T, CUR, CAR
  3     FROM ASIGNATURA;

View created.

SQL> REM >>>>>>>> 10 <<<<<<<<
SQL> SELECT *
  2  FROM VISTA1;

       CAS A                                                  T             CUR 
---------- -------------------------------------------------- ------ ---------- 
       CAR                                                                      
----------                                                                      
         1 BASES DE DATOS                                     GII             3 
         7                                                                      
                                                                                
         2 INTELIGENCIA ARTIFICIAL                            GII             3 
         4                                                                      
                                                                                
         3 ALMACENES DE DATOS                                 MII             1 
         7                                                                      
                                                                                

       CAS A                                                  T             CUR 
---------- -------------------------------------------------- ------ ---------- 
       CAR                                                                      
----------                                                                      
         4 MINERIA DE DATOS                                   MII             1 
         7                                                                      
                                                                                
         5 INFORMATICA BASICA                                 GII             1 
         7                                                                      
                                                                                
         6 ALGEBRA                                            GII             1 
         1                                                                      
                                                                                

       CAS A                                                  T             CUR 
---------- -------------------------------------------------- ------ ---------- 
       CAR                                                                      
----------                                                                      
         7 CALCULO                                            GII             1 
         8                                                                      
                                                                                
         8 OPTIMIZACION                                       GII             1 
         6                                                                      
                                                                                
         9 GESTION DE RIESGOS                                 GII             3 
         4                                                                      
                                                                                

       CAS A                                                  T             CUR 
---------- -------------------------------------------------- ------ ---------- 
       CAR                                                                      
----------                                                                      
        10 ASTRONOMIA                                         GF              2 
         3                                                                      
                                                                                
        11 DIDACTICA DE LA MATEMATICA                         GM              2 
         5                                                                      
                                                                                
        12 ANALISIS COMPLEJO                                  GM              4 
         2                                                                      
                                                                                

12 rows selected.

SQL> SET LINESIZE 200
SQL> SET PAGESIZE 200
SQL> SELECT *
  2  FROM VISTA1;

       CAS A                                                  T             CUR        CAR                                                                                                              
---------- -------------------------------------------------- ------ ---------- ----------                                                                                                              
         1 BASES DE DATOS                                     GII             3          7                                                                                                              
         2 INTELIGENCIA ARTIFICIAL                            GII             3          4                                                                                                              
         3 ALMACENES DE DATOS                                 MII             1          7                                                                                                              
         4 MINERIA DE DATOS                                   MII             1          7                                                                                                              
         5 INFORMATICA BASICA                                 GII             1          7                                                                                                              
         6 ALGEBRA                                            GII             1          1                                                                                                              
         7 CALCULO                                            GII             1          8                                                                                                              
         8 OPTIMIZACION                                       GII             1          6                                                                                                              
         9 GESTION DE RIESGOS                                 GII             3          4                                                                                                              
        10 ASTRONOMIA                                         GF              2          3                                                                                                              
        11 DIDACTICA DE LA MATEMATICA                         GM              2          5                                                                                                              
        12 ANALISIS COMPLEJO                                  GM              4          2                                                                                                              

12 rows selected.

SQL> REM >>>>>>>> 11 <<<<<<<<
SQL> INSERT INTO VISTA1
  2  VALUES(13, 'ESTADISTICA', 'GII', 3, 7);

1 row created.

SQL> REM >>>>>>>> 12 <<<<<<<<
SQL> SELECT *
  2  FROM VISTA1;

       CAS A                                                  T             CUR        CAR                                                                                                              
---------- -------------------------------------------------- ------ ---------- ---------- 
        13 ESTADISTICA                                        GII             3          7                                                                                                             
         1 BASES DE DATOS                                     GII             3          7                                                                                                              
         2 INTELIGENCIA ARTIFICIAL                            GII             3          4                                                                                                              
         3 ALMACENES DE DATOS                                 MII             1          7                                                                                                              
         4 MINERIA DE DATOS                                   MII             1          7                                                                                                              
         5 INFORMATICA BASICA                                 GII             1          7                                                                                                              
         6 ALGEBRA                                            GII             1          1                                                                                                              
         7 CALCULO                                            GII             1          8                                                                                                              
         8 OPTIMIZACION                                       GII             1          6                                                                                                              
         9 GESTION DE RIESGOS                                 GII             3          4                                                                                                              
        10 ASTRONOMIA                                         GF              2          3                                                                                                              
        11 DIDACTICA DE LA MATEMATICA                         GM              2          5                                                                                                              
        12 ANALISIS COMPLEJO                                  GM              4          2

13 rows selected.

SQL> SELECT *
  2  FROM ASIGNATURA;

       CAS A                                                  T             CUR        CAR         CT         CP         CL                                                                             
---------- -------------------------------------------------- ------ ---------- ---------- ---------- ---------- ----------                                                                             
        13 ESTADISTICA                                        GII             3          7          0          0          0                                                                             
         1 BASES DE DATOS                                     GII             3          7          3        1.5        1.5                                                                             
         2 INTELIGENCIA ARTIFICIAL                            GII             3          4        1.5        1.5          3                                                                             
         3 ALMACENES DE DATOS                                 MII             1          7        1.5          0        1.5                                                                             
         4 MINERIA DE DATOS                                   MII             1          7        1.5          0        1.5                                                                             
         5 INFORMATICA BASICA                                 GII             1          7          3        1.5        1.5                                                                             
         6 ALGEBRA                                            GII             1          1          3          3          0                                                                             
         7 CALCULO                                            GII             1          8          3          3          0                                                                             
         8 OPTIMIZACION                                       GII             1          6          3        1.5        1.5                                                                             
         9 GESTION DE RIESGOS                                 GII             3          4          3          0          3                                                                             
        10 ASTRONOMIA                                         GF              2          3          3        1.5        1.5                                                                             
        11 DIDACTICA DE LA MATEMATICA                         GM              2          5          6          0          0                                                                             
        12 ANALISIS COMPLEJO                                  GM              4          2        4.5          3          0                                                                             

13 rows selected.

SQL> REM >>>>>>>> 13 <<<<<<<<
SQL> ALTER VIEW VISTA1
  2  
SQL> REM >>>>>>>> 13 <<<<<<<<
SQL> UPDATE VISTA1 SET CAS = 6
  2  WHERE CAS=6;

1 row updated.

SQL> REM >>>>>>>> 13 <<<<<<<<
SQL> UPDATE VISTA1 SET CAS = 6
  2  
SQL> REM >>>>>>>> 13 <<<<<<<<
SQL> UPDATE VISTA1 SET CAS = 6
  2  WHERE CAS=13;
UPDATE VISTA1 SET CAS = 6
*
ERROR at line 1:
ORA-00001: unique constraint (ALU0101618586.SYS_C00544553) violated 


SQL> REM >>>>>>>> 14 <<<<<<<<
SQL> REM >>>>>>>> 14 <<<<<<<<
SQL> REM >>>>>>>> 14 (el 13 es el de imprimir la tabla ASIGNATURA) <<<<<<<<
SQL> UPDATE VISTA1 SET CAS = 6
  2  WHERE CAS=13;
UPDATE VISTA1 SET CAS = 6
*
ERROR at line 1:
ORA-00001: unique constraint (ALU0101618586.SYS_C00544553) violated 


SQL> REM >>>>>>>> 15 <<<<<<<<
SQL> SELECT *
  2  FROM VISTA1;

       CAS A                                                  T             CUR        CAR                                                                                                              
---------- -------------------------------------------------- ------ ---------- ----------                                                                                                              
        13 ESTADISTICA                                        GII             3          7                                                                                                              
         1 BASES DE DATOS                                     GII             3          7                                                                                                              
         2 INTELIGENCIA ARTIFICIAL                            GII             3          4                                                                                                              
         3 ALMACENES DE DATOS                                 MII             1          7                                                                                                              
         4 MINERIA DE DATOS                                   MII             1          7                                                                                                              
         5 INFORMATICA BASICA                                 GII             1          7                                                                                                              
         6 ALGEBRA                                            GII             1          1                                                                                                              
         7 CALCULO                                            GII             1          8                                                                                                              
         8 OPTIMIZACION                                       GII             1          6                                                                                                              
         9 GESTION DE RIESGOS                                 GII             3          4                                                                                                              
        10 ASTRONOMIA                                         GF              2          3                                                                                                              
        11 DIDACTICA DE LA MATEMATICA                         GM              2          5                                                                                                              
        12 ANALISIS COMPLEJO                                  GM              4          2                                                                                                              

13 rows selected.

SQL> REM >>>>>>>> 16 <<<<<<<<
SQL> REM Su comportamiento respecto a las claves primarias es identico a las tablas
SQL> SPOOL
currently spooling to P8-SiguienteDia.lst
SQL> REM >>>>>>>> AHORA BIEN HECHO <<<<<<<<
SQL> REM >>>>>>>> 14 <<<<<<<<
SQL> UPDATE VISTA1 SET CAR = 6
  2  WHERE CAS=13;

1 row updated.

SQL> REM >>>>>>>> 15 <<<<<<<<
SQL> SELECT *
  2  FROM VISTA1;

       CAS A                                                  T             CUR        CAR                                                                                                              
---------- -------------------------------------------------- ------ ---------- ----------                                                                                                              
        13 ESTADISTICA                                        GII             3          6                                                                                                              
         1 BASES DE DATOS                                     GII             3          7                                                                                                              
         2 INTELIGENCIA ARTIFICIAL                            GII             3          4                                                                                                              
         3 ALMACENES DE DATOS                                 MII             1          7                                                                                                              
         4 MINERIA DE DATOS                                   MII             1          7                                                                                                              
         5 INFORMATICA BASICA                                 GII             1          7                                                                                                              
         6 ALGEBRA                                            GII             1          1                                                                                                              
         7 CALCULO                                            GII             1          8                                                                                                              
         8 OPTIMIZACION                                       GII             1          6                                                                                                              
         9 GESTION DE RIESGOS                                 GII             3          4                                                                                                              
        10 ASTRONOMIA                                         GF              2          3                                                                                                              
        11 DIDACTICA DE LA MATEMATICA                         GM              2          5                                                                                                              
        12 ANALISIS COMPLEJO                                  GM              4          2                                                                                                              

13 rows selected.

SQL> REM >>>>>>>> 16 <<<<<<<<
SQL> REM Como hemos modificado un foreign key y este existe, entonces se ha podido modificar CAR sin problema
SQL> SPOOL
currently spooling to P8-SiguienteDia.lst
SQL> SPOOL OFF
SQL> REM >>>>>>>>>> 17 <<<<<<<<<<
SQL> CREATE VIEW VISTA2
  2  AS DNI, A, T, CUR, CAR
  3  FROM PLAN_DOCENTE NATURAL JOIN VISTA1
  4  ;
AS DNI, A, T, CUR, CAR
   *
ERROR at line 2:
ORA-00928: missing SELECT keyword 


SQL> CREATE VIEW VISTA2
  2  AS SELECT DNI, A, T, CUR, CAR
  3     FROM PLAN_DOCENTE NATURAL JOIN VISTA1;

View created.

SQL> REM >>>>>>>>>> 18 <<<<<<<<<<
SQL> SELECT *
  2  FROM VISTA2;

       DNI A                                                  T             CUR 
---------- -------------------------------------------------- ------ ---------- 
       CAR                                                                      
----------                                                                      
      4444 BASES DE DATOS                                     GII             3 
         7                                                                      
                                                                                
      3333 INTELIGENCIA ARTIFICIAL                            GII             3 
         4                                                                      
                                                                                
      1010 INTELIGENCIA ARTIFICIAL                            GII             3 
         4                                                                      
                                                                                

       DNI A                                                  T             CUR 
---------- -------------------------------------------------- ------ ---------- 
       CAR                                                                      
----------                                                                      
      2222 ALMACENES DE DATOS                                 MII             1 
         7                                                                      
                                                                                
      2020 ALMACENES DE DATOS                                 MII             1 
         7                                                                      
                                                                                
      4444 MINERIA DE DATOS                                   MII             1 
         7                                                                      
                                                                                

       DNI A                                                  T             CUR 
---------- -------------------------------------------------- ------ ---------- 
       CAR                                                                      
----------                                                                      
      2222 MINERIA DE DATOS                                   MII             1 
         7                                                                      
                                                                                
      4444 INFORMATICA BASICA                                 GII             1 
         7                                                                      
                                                                                
      5555 ALGEBRA                                            GII             1 
         1                                                                      
                                                                                

       DNI A                                                  T             CUR 
---------- -------------------------------------------------- ------ ---------- 
       CAR                                                                      
----------                                                                      
      9999 CALCULO                                            GII             1 
         8                                                                      
                                                                                
      3030 OPTIMIZACION                                       GII             1 
         6                                                                      
                                                                                
      1111 OPTIMIZACION                                       GII             1 
         6                                                                      
                                                                                

       DNI A                                                  T             CUR 
---------- -------------------------------------------------- ------ ---------- 
       CAR                                                                      
----------                                                                      
      1111 OPTIMIZACION                                       GII             1 
         6                                                                      
                                                                                
      3333 GESTION DE RIESGOS                                 GII             3 
         4                                                                      
                                                                                
      1010 GESTION DE RIESGOS                                 GII             3 
         4                                                                      
                                                                                

       DNI A                                                  T             CUR 
---------- -------------------------------------------------- ------ ---------- 
       CAR                                                                      
----------                                                                      
      1010 GESTION DE RIESGOS                                 GII             3 
         4                                                                      
                                                                                
      6666 ASTRONOMIA                                         GF              2 
         3                                                                      
                                                                                
      8888 DIDACTICA DE LA MATEMATICA                         GM              2 
         5                                                                      
                                                                                

       DNI A                                                  T             CUR 
---------- -------------------------------------------------- ------ ---------- 
       CAR                                                                      
----------                                                                      
      7777 ANALISIS COMPLEJO                                  GM              4 
         2                                                                      
                                                                                

19 rows selected.

SQL> SET LINESIZE 200
SQL> SET PAGESIZE 25
SQL> SELECT *
  2  FROM VISTA2;

       DNI A                                                  T             CUR        CAR                                                                                                              
---------- -------------------------------------------------- ------ ---------- ----------                                                                                                              
      4444 BASES DE DATOS                                     GII             3          7                                                                                                              
      3333 INTELIGENCIA ARTIFICIAL                            GII             3          4                                                                                                              
      1010 INTELIGENCIA ARTIFICIAL                            GII             3          4                                                                                                              
      2222 ALMACENES DE DATOS                                 MII             1          7                                                                                                              
      2020 ALMACENES DE DATOS                                 MII             1          7                                                                                                              
      4444 MINERIA DE DATOS                                   MII             1          7                                                                                                              
      2222 MINERIA DE DATOS                                   MII             1          7                                                                                                              
      4444 INFORMATICA BASICA                                 GII             1          7                                                                                                              
      5555 ALGEBRA                                            GII             1          1                                                                                                              
      9999 CALCULO                                            GII             1          8                                                                                                              
      3030 OPTIMIZACION                                       GII             1          6                                                                                                              
      1111 OPTIMIZACION                                       GII             1          6                                                                                                              
      1111 OPTIMIZACION                                       GII             1          6                                                                                                              
      3333 GESTION DE RIESGOS                                 GII             3          4                                                                                                              
      1010 GESTION DE RIESGOS                                 GII             3          4                                                                                                              
      1010 GESTION DE RIESGOS                                 GII             3          4                                                                                                              
      6666 ASTRONOMIA                                         GF              2          3                                                                                                              
      8888 DIDACTICA DE LA MATEMATICA                         GM              2          5                                                                                                              
      7777 ANALISIS COMPLEJO                                  GM              4          2                                                                                                              

19 rows selected.

SQL> REM >>>>>>>>>> 19 <<<<<<<<<<
SQL> UPDATE VISTA2 SET A = 'FUNDAMENTOS DE INGENIERIA DEL SOFTWARE'
  2  
SQL> SPOOL
currently spooling to P8-SiguienteDia.lst
SQL> SPOOL OFF
SQL> SELECT *
  2  FROM VISTA2;

       DNI A                                                  T             CUR        CAR                                                                                                              
---------- -------------------------------------------------- ------ ---------- ----------                                                                                                              
      1010 INTELIGENCIA ARTIFICIAL                            GII             3          4                                                                                                              
      1010 GESTION DE RIESGOS                                 GII             3          4                                                                                                              
      1010 GESTION DE RIESGOS                                 GII             3          4                                                                                                              
      1111 OPTIMIZACION                                       GII             1          6                                                                                                              
      1111 OPTIMIZACION                                       GII             1          6                                                                                                              
      2020 ALMACENES DE DATOS                                 MII             1          7                                                                                                              
      2222 ALMACENES DE DATOS                                 MII             1          7                                                                                                              
      2222 MINERIA DE DATOS                                   MII             1          7                                                                                                              
      3030 OPTIMIZACION                                       GII             1          6                                                                                                              
      3333 INTELIGENCIA ARTIFICIAL                            GII             3          4                                                                                                              
      3333 GESTION DE RIESGOS                                 GII             3          4                                                                                                              
      4444 BASES DE DATOS                                     GII             3          7                                                                                                              
      4444 MINERIA DE DATOS                                   MII             1          7                                                                                                              
      4444 INFORMATICA BASICA                                 GII             1          7                                                                                                              
      5555 ALGEBRA                                            GII             1          1                                                                                                              
      6666 ASTRONOMIA                                         GF              2          3                                                                                                              
      7777 ANALISIS COMPLEJO                                  GM              4          2                                                                                                              
      8888 DIDACTICA DE LA MATEMATICA                         GM              2          5                                                                                                              
      9999 CALCULO                                            GII             1          8                                                                                                              

19 rows selected.

SQL> REM >>>>>>>>>> 19 <<<<<<<<<<
SQL> UPDATE VISTA2 SET A = 'FUNDAMENTOS DE INGENIERIA DEL SOFTWARE' WHERE DNI = 2020;
UPDATE VISTA2 SET A = 'FUNDAMENTOS DE INGENIERIA DEL SOFTWARE' WHERE DNI = 2020
                  *
ERROR at line 1:
ORA-01779: cannot modify a column which maps to a non key-preserved table 


SQL> 
SQL> REM Da error porque si la vista origino de un JOIN (combinacion de tablas), no sabe que registro original cambiar
SQL> REM >>>>>>>>>> 20 <<<<<<<<<<
SQL> DESCRIBE VISTA2;
 Name                                                                                                              Null?    Type
 ----------------------------------------------------------------------------------------------------------------- -------- ----------------------------------------------------------------------------
 DNI                                                                                                               NOT NULL NUMBER(8)
 A                                                                                                                 NOT NULL VARCHAR2(50)
 T                                                                                                                 NOT NULL CHAR(6)
 CUR                                                                                                                        NUMBER(1)
 CAR                                                                                                                        NUMBER(3)

SQL> REM >>>>>>>>>> 21 <<<<<<<<<<
SQL> DROP VIEW VISTA1;

View dropped.

SQL> REM >>>>>>>>>> 22 <<<<<<<<<<
SQL> SELECT *
  2  FROM VISTA2;
FROM VISTA2
     *
ERROR at line 2:
ORA-04063: view "ALU0101618586.VISTA2" has errors 


SQL> REM >>>>>>>>>> 23 <<<<<<<<<<
SQL> ROLLBACK;

Rollback complete.

SQL> SELECT *
  2  FROM VISTA1;
FROM VISTA1
     *
ERROR at line 2:
ORA-00942: table or view does not exist 


SQL> REM Como esperabamos, NO se ha recuperado sporque DROP VIEW esun cambio DDL y los cambios DDL se confirman automáaicamente (auto-COMMIT)
SQL> REM Como esperabamos, NO se ha recuperado sporque DROP VIEW esun cambio DDL y los cambios DDL se confirman autom�aticamente (auto-COMMIT)
SQL> SPOOL
currently spooling to P8-UltimoDia.lst
SQL> REM >>>>>>>>>> 24 <<<<<<<<<<
SQL> CREATE INDEX INDICE1 ON PROFESOR(P);

Index created.

SQL> SELECT DNI FROM PROFESOR WHERE P = 'JUAN';

       DNI                                                                                                                                                                                              
----------                                                                                                                                                                                              
      1111                                                                                                                                                                                              

SQL> SELECT DNI
  2  FROM PROFESOR
  3  WHERE P = 'JUAN';

       DNI                                                                                                                                                                                              
----------                                                                                                                                                                                              
      1111                                                                                                                                                                                              

SQL> REM >>>>>>>>>> 26 <<<<<<<<<<
SQL> REM >>>>>>>>>> 25 <<<<<<<<<<
SQL> DROP INDEX INDICE1;

Index dropped.

SQL> REM >>>>>>>>>> 26 <<<<<<<<<<
SQL> REM >>>>>>>>>> 24 <<<<<<<<<<
SQL> CREATE INDEX INDICE1
  2  ON PROFESOR(P);

Index created.

SQL> REM >>>>>>>>>> 25 <<<<<<<<<<
SQL> REM >>>>>>>>>> 24 (continuacion) <<<<<<<<<<
SQL> SELECT DNI
  2  FROM PROFESOR
  3  WHERE P = 'JUAN';

       DNI                                                                                                                                                                                              
----------                                                                                                                                                                                              
      1111                                                                                                                                                                                              

SQL> REM >>>>>>>>>> 25 <<<<<<<<<<
SQL> DROP INDEX INDICE1;

Index dropped.

SQL> REM >>>>>>>>>> 26 <<<<<<<<<<
SQL> CREATE INDEX INDICE2
  2  ON VISTA1(CAR);
ON VISTA1(CAR)
   *
ERROR at line 2:
ORA-00942: table or view does not exist 


SQL> REM Da error porque no se puede crear un indice sobre una vista que no existe
SQL> SPOOL
currently spooling to P8-UltimoDia.lst
SQL> REM He combinado los tres spools en los que hice la practica en este unico
SQL> SPOOL OFF
